"function anonymous(it) {var out='';##def.snippet: <div>'+(it.name)+'</div>{{#def.jokeout+='\n#}}\n\n';#def.snippetout+='';return out;}"
