"function anonymous(it) {var out='<div>Hi '+(it.name)+'!</div>\n<div>'+(it.age || '')+'</div>';return out;}"
