"function anonymous(it) {var out='Visit '+(it.uri)+'';return out;}"
